// Jest Snapshot v1, https://goo.gl/fbAQLP

exports[`renders correctly 1`] = `
<div
  className="form-group"
>
  <label
    htmlFor="select-map-style"
  >
    Style
  </label>
  <select
    className="form-control"
    id="select-map-style"
    name="select-map-style"
    onChange={[Function]}
    value="a"
  >
    <option
      value="a"
    >
      A
    </option>
    <option
      value="b"
    >
      B
    </option>
    <option
      value="c"
    >
      C
    </option>
  </select>
</div>
`;
