// Jest Snapshot v1, https://goo.gl/fbAQLP

exports[`renders correctly 1`] = `
<form>
  <div
    className="form-group"
  >
    <label>
      Planet Pack
      <select
        className="form-control"
        name="pack"
        onChange={[Function]}
      >
        <option
          disabled={false}
          value="a"
        >
          A
        </option>
        <option
          disabled={false}
          value="b"
        >
          B
        </option>
        <option
          disabled={false}
          value="c"
        >
          C
        </option>
      </select>
    </label>
  </div>
  <div
    className="form-group"
  >
    <label>
      Body
      <select
        className="form-control"
        name="mapBody"
        onChange={[Function]}
      >
        <option
          disabled={false}
          value="d"
        >
          D
        </option>
        <option
          disabled={false}
          value="e"
        >
          E
        </option>
        <option
          disabled={false}
          value="f"
        >
          F
        </option>
      </select>
    </label>
  </div>
  <div
    className="form-group"
  >
    <label>
      Style
      <select
        className="form-control"
        name="mapStyle"
        onChange={[Function]}
      >
        <option
          disabled={false}
          value="g"
        >
          G
        </option>
        <option
          disabled={false}
          value="h"
        >
          H
        </option>
        <option
          disabled={false}
          value="i"
        >
          I
        </option>
      </select>
    </label>
  </div>
</form>
`;
